// Jest Snapshot v1, https://goo.gl/fbAQLP

exports[`Should correctly compile the view 1`] = `
Object {
  "template": Object {
    "hashKey": "096e8ec0a00c37c4bd669e2ad046892d93766ff0",
    "src": "template.js",
    "type": "jade",
  },
}
`;

exports[`Should correctly compile the view 2`] = `"var oc=oc||{};oc.components=oc.components||{},oc.components[\\"096e8ec0a00c37c4bd669e2ad046892d93766ff0\\"]=function(o){var e,c=[];return c.push(\\"<h1>\\"+jade.escape(null==(e=\\"Hello jade!\\")?\\"\\":e)+\\"</h1><style>h1{color:red;font-size:100px}</style>\\"),c.join(\\"\\")};"`;
